// Jest Snapshot v1, https://goo.gl/fbAQLP

exports[`should allow customizing the left and right versions 1`] = `
"Heads up! Looks like there are some differences between your two Locize versions.

### \`es/common\`

| Key | \`left\` | \`right\` |
| --- | --- | --- |
| \`foo\` | bar | baz |

_Generated by [Locize Diff](https://github.com/Widen/locize-diff)._"
`;
